stm32F429_usb_framework.c:20:6:USB_Init	16	static
stm32F429_usb_framework.c:38:13:process_standard_device_request	16	static
stm32F429_usb_framework.c:88:13:process_request	16	static
stm32F429_usb_framework.c:108:13:process_control_transfer_stage	16	static
stm32F429_usb_framework.c:158:13:usb_polled_handler	8	static
stm32F429_usb_framework.c:172:6:usbd_poll	8	static
stm32F429_usb_framework.c:186:13:USB_reset_receive_handler	8	static
stm32F429_usb_framework.c:205:13:setup_data_received_handler	16	static
stm32F429_usb_framework.c:223:13:in_transfer_completed_handler	16	static
stm32F429_usb_framework.c:239:13:out_transfer_completed_handler	16	static
