stm32F429_usb_driver.h:20:43:IN_ENDPOINT	16	static
stm32F429_usb_driver.h:25:44:OUT_ENDPOINT	16	static
stm32F429_usb_driver.h:30:30:FIFO	16	static
stm32F429_usb_driver.c:34:13:USB_Gpio_Init	4	static
stm32F429_usb_driver.c:62:13:USB_Core_Init	4	static
stm32F429_usb_driver.c:127:13:set_device_addr	16	static
stm32F429_usb_driver.c:141:13:connect	4	static
stm32F429_usb_driver.c:159:13:disconnect	4	static
stm32F429_usb_driver.c:177:13:flush_rxfifo	4	static
stm32F429_usb_driver.c:191:13:flush_txfifo	16	static
stm32F429_usb_driver.c:209:13:config_endpoint0	24	static
stm32F429_usb_driver.c:238:13:USBReset_handler	16	static
stm32F429_usb_driver.c:256:13:EnumerationDone_handler	8	static
stm32F429_usb_driver.c:272:13:RxFifoNonEmpty_handler	16	static
stm32F429_usb_driver.c:316:13:INEndpoint_hander	16	static
stm32F429_usb_driver.c:339:13:OUTEndpoint_hander	16	static
stm32F429_usb_driver.c:363:13:configure_in_endpoint	24	static
stm32F429_usb_driver.c:395:13:deconfigure_in_endpoint	24	static
stm32F429_usb_driver.c:443:13:refresh_fifo_start_addr	16	static
stm32F429_usb_driver.c:468:13:configure_txfifo_size	16	static
stm32F429_usb_driver.c:494:13:configure_rxfifo_size	16	static
stm32F429_usb_driver.c:512:13:read_packet	24	static
stm32F429_usb_driver.c:546:13:write_packet	24	static
stm32F429_usb_driver.c:579:13:USBInterrupt_handler	16	static
