stm32F429_usb_framework.c:12:6:USB_Init	16	static
stm32F429_usb_framework.c:29:6:usbd_poll	8	static
stm32F429_usb_framework.c:43:13:usb_reset_received_handler	8	static
stm32F429_usb_framework.c:53:6:usbd_configure	8	static
stm32F429_usb_framework.c:77:13:process_standard_device_request	24	static
stm32F429_usb_framework.c:126:13:process_class_interface_request	16	static
stm32F429_usb_framework.c:139:13:process_standard_interface_request	16	static
stm32F429_usb_framework.c:164:13:process_request	16	static
stm32F429_usb_framework.c:191:13:process_control_transfer_stage	16	static
stm32F429_usb_framework.c:238:13:usb_polled_handler	8	static
stm32F429_usb_framework.c:243:13:write_mouse_report	16	static
stm32F429_usb_framework.c:266:13:in_transfer_completed_handler	16	static
stm32F429_usb_framework.c:286:13:out_transfer_completed_handler	16	static
stm32F429_usb_framework.c:299:13:setup_data_received_handler	16	static
