stm32F429_usb_driver.h:23:43:IN_ENDPOINT	16	static
stm32F429_usb_driver.h:31:44:OUT_ENDPOINT	16	static
stm32F429_usb_driver.h:36:30:FIFO	16	static
stm32F429_usb_driver.c:22:13:USB_Gpio_Init	4	static
stm32F429_usb_driver.c:49:13:USB_Core_Init	4	static
stm32F429_usb_driver.c:107:13:set_device_address	16	static
stm32F429_usb_driver.c:125:13:connect	4	static
stm32F429_usb_driver.c:143:13:disconnect	4	static
stm32F429_usb_driver.c:169:13:read_packet	32	static
stm32F429_usb_driver.c:207:13:write_packet	24	static
stm32F429_usb_driver.c:237:13:refresh_fifo_start_addresses	16	static
stm32F429_usb_driver.c:273:13:configure_rxfifo_size	16	static
stm32F429_usb_driver.c:298:13:configure_txfifo_size	16	static
stm32F429_usb_driver.c:331:13:flush_rxfifo	4	static
stm32F429_usb_driver.c:345:13:flush_txfifo	16	static
stm32F429_usb_driver.c:362:13:configure_endpoint0	24	static
stm32F429_usb_driver.c:391:13:configure_in_endpoint	24	static
stm32F429_usb_driver.c:416:13:deconfigure_endpoint	24	static
stm32F429_usb_driver.c:465:13:USBReset_handler	16	static
stm32F429_usb_driver.c:486:13:EnumerationDone_handler	8	static
stm32F429_usb_driver.c:501:13:RxFifoNonEmpty_handler	24	static
stm32F429_usb_driver.c:543:13:INEndpoint_hander	16	static
stm32F429_usb_driver.c:555:13:OUTEndpoint_hander	16	static
stm32F429_usb_driver.c:577:13:USBInterrupt_handler	16	static
